LINK IN GIT HUB
git clone https://github.com/ckidner/Hybrid_Bait_Phylogeny.git

ReBOOT and then:

Set up file directory (one time for volume)

sudo /sbin/mkfs /dev/vdc
[sudo] password for ckidner: 
mke2fs 1.42 (29-Nov-2011)
Filesystem label=
OS type: Linux
Block size=4096 (log=2)
Fragment size=4096 (log=2)
Stride=0 blocks, Stripe width=0 blocks
655360 inodes, 2621440 blocks
131072 blocks (5.00%) reserved for the super user
First data block=0
Maximum filesystem blocks=2684354560
80 block groups
32768 blocks per group, 32768 fragments per group
8192 inodes per group
Superblock backups stored on blocks: 
	32768, 98304, 163840, 229376, 294912, 819200, 884736, 1605632

Allocating group tables: done                            
Writing inode tables: done                            
Writing superblocks and filesystem accounting information: done 

~/Documents$ mkdir Process/
sudo mount /dev/vdc ~/Documents/Process

ckidner@vm64-162:~$ sudo mount /dev/vdc Documents/Process
ckidner@vm64-162:~$ less Documents/Process/
Documents/Process/ is a directory
ckidner@vm64-162:~$ ls Documents/Process/
lost+found

sudo chown ckidner Process/

INITIALIZE iRODS.
iinit
Enter the host name (DNS) of the server to connect to: data.iplantcollaborative.org
Enter the port number: 1247
Enter your irods user name: myiplantusername
Enter your irods zone: iplant
Enter your current iRODS password: myiplantpassword

ATTATCHiRODs
~/Documents$ mkdir iROD/
~/Documents$ irodsFs iROD/ -o max_readahead=0

~/Documents$ cp iROD/Trimmomatic-0.33.zip ./
~/Documents$ unzip Trimmomatic-0.33.zip 

Set up bowtie inex!

cp iROD/All_loci.fna Hybrid_Bait_Phylogeny/

bowtie2-build -f All_loci.fna All_loci

Will need to at end sudo unmount mydata/